// Jest Snapshot v1, https://goo.gl/fbAQLP

exports[`AnimationContainer test shows AniamtionContainer 1`] = `"<div style=\\"opacity: 0;\\"></div>"`;
