// Jest Snapshot v1, https://goo.gl/fbAQLP

exports[`Be the change test shows be the change component 1`] = `"<div><div style=\\"font-size: 36px; text-align: center; color: rgb(33, 33, 33); font-family: Josefin Sans; font-weight: 500;\\">Be the Change</div></div><div style=\\"width: 200px; height: 2px; background-color: rgb(73, 3, 116); margin: 5px auto 0px auto;\\"></div><div><p style=\\"text-align: center; margin-top: 20px; margin-bottom: 20px;\\">A few highlights from what our members has helped us accomplish<br> so far.</p></div><div class=\\"MuiBox-root css-i9gxme\\"><div class=\\"MuiGrid-root MuiGrid-container css-11lq3yg-MuiGrid-root\\" style=\\"max-width: 1440px; margin: auto;\\"><div class=\\"MuiGrid-root MuiGrid-item MuiGrid-grid-xs-12 MuiGrid-grid-md-6 css-11ndx0o-MuiGrid-root\\"><div class=\\"image1\\"></div></div><div class=\\"MuiGrid-root MuiGrid-item MuiGrid-grid-xs-12 MuiGrid-grid-md-6 css-ssy72w-MuiGrid-root\\"><div class=\\"section1\\"><img class=\\"KristianiaImg\\" src=\\"test-file-stub\\"><div class=\\"MuiContainer-root MuiContainer-maxWidthLg css-1oqqzyl-MuiContainer-root\\"><p class=\\"text1\\">The donations <strong><em>Kristiania University College</em></strong> has made has contributed with us being able to build <strong><em>50</em></strong> more schools.</p></div></div></div></div></div><div style=\\"height: 30px;\\"></div><div class=\\"MuiBox-root css-0\\"><div class=\\"MuiGrid-root MuiGrid-container css-11lq3yg-MuiGrid-root\\" style=\\"max-width: 1440px; margin: auto;\\"><div class=\\"MuiGrid-root MuiGrid-item MuiGrid-grid-xs-12 MuiGrid-grid-md-6 css-1fyyp8j-MuiGrid-root\\"><div class=\\"section2\\"><img class=\\"PhotoFindrImg\\" src=\\"test-file-stub\\"><div class=\\"MuiContainer-root MuiContainer-maxWidthLg css-1oqqzyl-MuiContainer-root\\"><p class=\\"text2\\"><strong><em>PhotoFindr</em></strong> has helped us build wells and give clean water to <strong><em>10</em></strong> different villages, that never have had access to it before</p></div></div></div><div class=\\"MuiGrid-root MuiGrid-item MuiGrid-grid-xs-12 MuiGrid-grid-md-6 css-1fyyp8j-MuiGrid-root\\"><div class=\\"image2\\"></div></div></div></div>"`;
