// Jest Snapshot v1, https://goo.gl/fbAQLP

exports[`Booking page shows booking page 1`] = `"<div class=\\"MuiContainer-root MuiContainer-maxWidthLg css-1oqqzyl-MuiContainer-root\\"><div class=\\"MuiBox-root css-136ysxg\\"><div><div style=\\"font-size: 36px; text-align: center; color: rgb(33, 33, 33); font-family: Josefin Sans; font-weight: 500;\\">Schedule Meeting</div></div><div style=\\"width: 200px; height: 2px; background-color: rgb(73, 3, 116); margin: 5px auto 2rem auto;\\"></div><div style=\\"margin: 20px;\\" class=\\"makeStyles-root-1\\"><div class=\\"MuiPaper-root MuiStepper-root MuiStepper-horizontal MuiStepper-alternativeLabel MuiPaper-elevation0\\"><div class=\\"MuiStep-root MuiStep-horizontal MuiStep-alternativeLabel\\"><span class=\\"MuiStepLabel-root MuiStepLabel-horizontal MuiStepLabel-alternativeLabel\\"><span class=\\"MuiStepLabel-iconContainer MuiStepLabel-alternativeLabel\\"><svg class=\\"MuiSvgIcon-root MuiStepIcon-root MuiStepIcon-active\\" focusable=\\"false\\" viewBox=\\"0 0 24 24\\" aria-hidden=\\"true\\"><circle cx=\\"12\\" cy=\\"12\\" r=\\"12\\"></circle><text class=\\"MuiStepIcon-text\\" x=\\"12\\" y=\\"16\\" text-anchor=\\"middle\\">1</text></svg></span><span class=\\"MuiStepLabel-labelContainer\\"><span class=\\"MuiTypography-root MuiStepLabel-label MuiStepLabel-alternativeLabel MuiStepLabel-active MuiTypography-body2 MuiTypography-displayBlock\\">Step 1: Select a date</span></span></span></div><div class=\\"MuiStep-root MuiStep-horizontal MuiStep-alternativeLabel\\"><div class=\\"MuiStepConnector-root MuiStepConnector-horizontal MuiStepConnector-alternativeLabel Mui-disabled\\"><span class=\\"MuiStepConnector-line MuiStepConnector-lineHorizontal\\"></span></div><span class=\\"MuiStepLabel-root MuiStepLabel-horizontal Mui-disabled MuiStepLabel-alternativeLabel\\"><span class=\\"MuiStepLabel-iconContainer MuiStepLabel-alternativeLabel\\"><svg class=\\"MuiSvgIcon-root MuiStepIcon-root\\" focusable=\\"false\\" viewBox=\\"0 0 24 24\\" aria-hidden=\\"true\\"><circle cx=\\"12\\" cy=\\"12\\" r=\\"12\\"></circle><text class=\\"MuiStepIcon-text\\" x=\\"12\\" y=\\"16\\" text-anchor=\\"middle\\">2</text></svg></span><span class=\\"MuiStepLabel-labelContainer\\"><span class=\\"MuiTypography-root MuiStepLabel-label MuiStepLabel-alternativeLabel MuiTypography-body2 MuiTypography-displayBlock\\">Step 2: Choose time</span></span></span></div><div class=\\"MuiStep-root MuiStep-horizontal MuiStep-alternativeLabel\\"><div class=\\"MuiStepConnector-root MuiStepConnector-horizontal MuiStepConnector-alternativeLabel Mui-disabled\\"><span class=\\"MuiStepConnector-line MuiStepConnector-lineHorizontal\\"></span></div><span class=\\"MuiStepLabel-root MuiStepLabel-horizontal Mui-disabled MuiStepLabel-alternativeLabel\\"><span class=\\"MuiStepLabel-iconContainer MuiStepLabel-alternativeLabel\\"><svg class=\\"MuiSvgIcon-root MuiStepIcon-root\\" focusable=\\"false\\" viewBox=\\"0 0 24 24\\" aria-hidden=\\"true\\"><circle cx=\\"12\\" cy=\\"12\\" r=\\"12\\"></circle><text class=\\"MuiStepIcon-text\\" x=\\"12\\" y=\\"16\\" text-anchor=\\"middle\\">3</text></svg></span><span class=\\"MuiStepLabel-labelContainer\\"><span class=\\"MuiTypography-root MuiStepLabel-label MuiStepLabel-alternativeLabel MuiTypography-body2 MuiTypography-displayBlock\\">Step 3: Fill the form</span></span></span></div><div class=\\"MuiStep-root MuiStep-horizontal MuiStep-alternativeLabel\\"><div class=\\"MuiStepConnector-root MuiStepConnector-horizontal MuiStepConnector-alternativeLabel Mui-disabled\\"><span class=\\"MuiStepConnector-line MuiStepConnector-lineHorizontal\\"></span></div><span class=\\"MuiStepLabel-root MuiStepLabel-horizontal Mui-disabled MuiStepLabel-alternativeLabel\\"><span class=\\"MuiStepLabel-iconContainer MuiStepLabel-alternativeLabel\\"><svg class=\\"MuiSvgIcon-root MuiStepIcon-root\\" focusable=\\"false\\" viewBox=\\"0 0 24 24\\" aria-hidden=\\"true\\"><circle cx=\\"12\\" cy=\\"12\\" r=\\"12\\"></circle><text class=\\"MuiStepIcon-text\\" x=\\"12\\" y=\\"16\\" text-anchor=\\"middle\\">4</text></svg></span><span class=\\"MuiStepLabel-labelContainer\\"><span class=\\"MuiTypography-root MuiStepLabel-label MuiStepLabel-alternativeLabel MuiTypography-body2 MuiTypography-displayBlock\\">All steps completed!</span></span></span></div></div></div><div class=\\"MuiGrid-root MuiGrid-container MuiGrid-spacing-xs-2 MuiGrid-align-items-xs-center MuiGrid-justify-content-xs-center\\" gutterbottom=\\"true\\"><div class=\\"MuiGrid-root MuiGrid-container MuiGrid-item MuiGrid-justify-content-xs-center MuiGrid-grid-xs-12 MuiGrid-grid-sm-6 MuiGrid-grid-md-6\\" flexdirection=\\"column\\"><div class=\\"MuiPickersStaticWrapper-staticWrapperRoot\\"><div class=\\"MuiPickersBasePicker-container\\"><div class=\\"MuiPickersBasePicker-pickerView\\"><div><div class=\\"MuiPickersCalendarHeader-switchHeader\\"><button class=\\"MuiButtonBase-root MuiIconButton-root MuiPickersCalendarHeader-iconButton Mui-disabled Mui-disabled\\" tabindex=\\"-1\\" type=\\"button\\" disabled=\\"\\"><span class=\\"MuiIconButton-label\\"><svg class=\\"MuiSvgIcon-root\\" focusable=\\"false\\" viewBox=\\"0 0 24 24\\" aria-hidden=\\"true\\"><path d=\\"M15.41 16.59L10.83 12l4.58-4.59L14 6l-6 6 6 6 1.41-1.41z\\"></path><path fill=\\"none\\" d=\\"M0 0h24v24H0V0z\\"></path></svg></span></button><div class=\\"MuiPickersSlideTransition-transitionContainer MuiPickersCalendarHeader-transitionContainer\\"><p class=\\"MuiTypography-root MuiTypography-body1 MuiTypography-alignCenter\\">June 2022</p></div><button class=\\"MuiButtonBase-root MuiIconButton-root MuiPickersCalendarHeader-iconButton\\" tabindex=\\"0\\" type=\\"button\\"><span class=\\"MuiIconButton-label\\"><svg class=\\"MuiSvgIcon-root\\" focusable=\\"false\\" viewBox=\\"0 0 24 24\\" aria-hidden=\\"true\\"><path d=\\"M8.59 16.59L13.17 12 8.59 7.41 10 6l6 6-6 6-1.41-1.41z\\"></path><path fill=\\"none\\" d=\\"M0 0h24v24H0V0z\\"></path></svg></span><span class=\\"MuiTouchRipple-root\\"></span></button></div><div class=\\"MuiPickersCalendarHeader-daysHeader\\"><span class=\\"MuiTypography-root MuiPickersCalendarHeader-dayLabel MuiTypography-caption\\">Su</span><span class=\\"MuiTypography-root MuiPickersCalendarHeader-dayLabel MuiTypography-caption\\">Mo</span><span class=\\"MuiTypography-root MuiPickersCalendarHeader-dayLabel MuiTypography-caption\\">Tu</span><span class=\\"MuiTypography-root MuiPickersCalendarHeader-dayLabel MuiTypography-caption\\">We</span><span class=\\"MuiTypography-root MuiPickersCalendarHeader-dayLabel MuiTypography-caption\\">Th</span><span class=\\"MuiTypography-root MuiPickersCalendarHeader-dayLabel MuiTypography-caption\\">Fr</span><span class=\\"MuiTypography-root MuiPickersCalendarHeader-dayLabel MuiTypography-caption\\">Sa</span></div></div><div class=\\"MuiPickersSlideTransition-transitionContainer MuiPickersCalendar-transitionContainer\\"><div><div class=\\"MuiPickersCalendar-week\\"><div role=\\"presentation\\"><button class=\\"MuiButtonBase-root MuiIconButton-root MuiPickersDay-day MuiPickersDay-hidden MuiPickersDay-dayDisabled\\" tabindex=\\"-1\\" type=\\"button\\"><span class=\\"MuiIconButton-label\\"><p class=\\"MuiTypography-root MuiTypography-body2 MuiTypography-colorInherit\\">29</p></span><span class=\\"MuiTouchRipple-root\\"></span></button></div><div role=\\"presentation\\"><button class=\\"MuiButtonBase-root MuiIconButton-root MuiPickersDay-day MuiPickersDay-hidden MuiPickersDay-dayDisabled\\" tabindex=\\"-1\\" type=\\"button\\"><span class=\\"MuiIconButton-label\\"><p class=\\"MuiTypography-root MuiTypography-body2 MuiTypography-colorInherit\\">30</p></span><span class=\\"MuiTouchRipple-root\\"></span></button></div><div role=\\"presentation\\"><button class=\\"MuiButtonBase-root MuiIconButton-root MuiPickersDay-day MuiPickersDay-hidden MuiPickersDay-dayDisabled\\" tabindex=\\"-1\\" type=\\"button\\"><span class=\\"MuiIconButton-label\\"><p class=\\"MuiTypography-root MuiTypography-body2 MuiTypography-colorInherit\\">31</p></span><span class=\\"MuiTouchRipple-root\\"></span></button></div><div role=\\"presentation\\"><button class=\\"MuiButtonBase-root MuiIconButton-root MuiPickersDay-day MuiPickersDay-dayDisabled\\" tabindex=\\"-1\\" type=\\"button\\"><span class=\\"MuiIconButton-label\\"><p class=\\"MuiTypography-root MuiTypography-body2 MuiTypography-colorInherit\\">1</p></span><span class=\\"MuiTouchRipple-root\\"></span></button></div><div role=\\"presentation\\"><button class=\\"MuiButtonBase-root MuiIconButton-root MuiPickersDay-day MuiPickersDay-dayDisabled\\" tabindex=\\"-1\\" type=\\"button\\"><span class=\\"MuiIconButton-label\\"><p class=\\"MuiTypography-root MuiTypography-body2 MuiTypography-colorInherit\\">2</p></span><span class=\\"MuiTouchRipple-root\\"></span></button></div><div role=\\"presentation\\"><button class=\\"MuiButtonBase-root MuiIconButton-root MuiPickersDay-day MuiPickersDay-dayDisabled\\" tabindex=\\"-1\\" type=\\"button\\"><span class=\\"MuiIconButton-label\\"><p class=\\"MuiTypography-root MuiTypography-body2 MuiTypography-colorInherit\\">3</p></span><span class=\\"MuiTouchRipple-root\\"></span></button></div><div role=\\"presentation\\"><button class=\\"MuiButtonBase-root MuiIconButton-root MuiPickersDay-day MuiPickersDay-dayDisabled\\" tabindex=\\"-1\\" type=\\"button\\"><span class=\\"MuiIconButton-label\\"><p class=\\"MuiTypography-root MuiTypography-body2 MuiTypography-colorInherit\\">4</p></span><span class=\\"MuiTouchRipple-root\\"></span></button></div></div><div class=\\"MuiPickersCalendar-week\\"><div role=\\"presentation\\"><button class=\\"MuiButtonBase-root MuiIconButton-root MuiPickersDay-day MuiPickersDay-dayDisabled\\" tabindex=\\"-1\\" type=\\"button\\"><span class=\\"MuiIconButton-label\\"><p class=\\"MuiTypography-root MuiTypography-body2 MuiTypography-colorInherit\\">5</p></span><span class=\\"MuiTouchRipple-root\\"></span></button></div><div role=\\"presentation\\"><button class=\\"MuiButtonBase-root MuiIconButton-root MuiPickersDay-day MuiPickersDay-dayDisabled\\" tabindex=\\"-1\\" type=\\"button\\"><span class=\\"MuiIconButton-label\\"><p class=\\"MuiTypography-root MuiTypography-body2 MuiTypography-colorInherit\\">6</p></span><span class=\\"MuiTouchRipple-root\\"></span></button></div><div role=\\"presentation\\"><button class=\\"MuiButtonBase-root MuiIconButton-root MuiPickersDay-day MuiPickersDay-current MuiPickersDay-daySelected\\" tabindex=\\"0\\" type=\\"button\\"><span class=\\"MuiIconButton-label\\"><p class=\\"MuiTypography-root MuiTypography-body2 MuiTypography-colorInherit\\">7</p></span><span class=\\"MuiTouchRipple-root\\"></span></button></div><div role=\\"presentation\\"><button class=\\"MuiButtonBase-root MuiIconButton-root MuiPickersDay-day\\" tabindex=\\"0\\" type=\\"button\\"><span class=\\"MuiIconButton-label\\"><p class=\\"MuiTypography-root MuiTypography-body2 MuiTypography-colorInherit\\">8</p></span><span class=\\"MuiTouchRipple-root\\"></span></button></div><div role=\\"presentation\\"><button class=\\"MuiButtonBase-root MuiIconButton-root MuiPickersDay-day\\" tabindex=\\"0\\" type=\\"button\\"><span class=\\"MuiIconButton-label\\"><p class=\\"MuiTypography-root MuiTypography-body2 MuiTypography-colorInherit\\">9</p></span><span class=\\"MuiTouchRipple-root\\"></span></button></div><div role=\\"presentation\\"><button class=\\"MuiButtonBase-root MuiIconButton-root MuiPickersDay-day\\" tabindex=\\"0\\" type=\\"button\\"><span class=\\"MuiIconButton-label\\"><p class=\\"MuiTypography-root MuiTypography-body2 MuiTypography-colorInherit\\">10</p></span><span class=\\"MuiTouchRipple-root\\"></span></button></div><div role=\\"presentation\\"><button class=\\"MuiButtonBase-root MuiIconButton-root MuiPickersDay-day MuiPickersDay-dayDisabled\\" tabindex=\\"-1\\" type=\\"button\\"><span class=\\"MuiIconButton-label\\"><p class=\\"MuiTypography-root MuiTypography-body2 MuiTypography-colorInherit\\">11</p></span><span class=\\"MuiTouchRipple-root\\"></span></button></div></div><div class=\\"MuiPickersCalendar-week\\"><div role=\\"presentation\\"><button class=\\"MuiButtonBase-root MuiIconButton-root MuiPickersDay-day MuiPickersDay-dayDisabled\\" tabindex=\\"-1\\" type=\\"button\\"><span class=\\"MuiIconButton-label\\"><p class=\\"MuiTypography-root MuiTypography-body2 MuiTypography-colorInherit\\">12</p></span><span class=\\"MuiTouchRipple-root\\"></span></button></div><div role=\\"presentation\\"><button class=\\"MuiButtonBase-root MuiIconButton-root MuiPickersDay-day\\" tabindex=\\"0\\" type=\\"button\\"><span class=\\"MuiIconButton-label\\"><p class=\\"MuiTypography-root MuiTypography-body2 MuiTypography-colorInherit\\">13</p></span><span class=\\"MuiTouchRipple-root\\"></span></button></div><div role=\\"presentation\\"><button class=\\"MuiButtonBase-root MuiIconButton-root MuiPickersDay-day\\" tabindex=\\"0\\" type=\\"button\\"><span class=\\"MuiIconButton-label\\"><p class=\\"MuiTypography-root MuiTypography-body2 MuiTypography-colorInherit\\">14</p></span><span class=\\"MuiTouchRipple-root\\"></span></button></div><div role=\\"presentation\\"><button class=\\"MuiButtonBase-root MuiIconButton-root MuiPickersDay-day\\" tabindex=\\"0\\" type=\\"button\\"><span class=\\"MuiIconButton-label\\"><p class=\\"MuiTypography-root MuiTypography-body2 MuiTypography-colorInherit\\">15</p></span><span class=\\"MuiTouchRipple-root\\"></span></button></div><div role=\\"presentation\\"><button class=\\"MuiButtonBase-root MuiIconButton-root MuiPickersDay-day\\" tabindex=\\"0\\" type=\\"button\\"><span class=\\"MuiIconButton-label\\"><p class=\\"MuiTypography-root MuiTypography-body2 MuiTypography-colorInherit\\">16</p></span><span class=\\"MuiTouchRipple-root\\"></span></button></div><div role=\\"presentation\\"><button class=\\"MuiButtonBase-root MuiIconButton-root MuiPickersDay-day\\" tabindex=\\"0\\" type=\\"button\\"><span class=\\"MuiIconButton-label\\"><p class=\\"MuiTypography-root MuiTypography-body2 MuiTypography-colorInherit\\">17</p></span><span class=\\"MuiTouchRipple-root\\"></span></button></div><div role=\\"presentation\\"><button class=\\"MuiButtonBase-root MuiIconButton-root MuiPickersDay-day MuiPickersDay-dayDisabled\\" tabindex=\\"-1\\" type=\\"button\\"><span class=\\"MuiIconButton-label\\"><p class=\\"MuiTypography-root MuiTypography-body2 MuiTypography-colorInherit\\">18</p></span><span class=\\"MuiTouchRipple-root\\"></span></button></div></div><div class=\\"MuiPickersCalendar-week\\"><div role=\\"presentation\\"><button class=\\"MuiButtonBase-root MuiIconButton-root MuiPickersDay-day MuiPickersDay-dayDisabled\\" tabindex=\\"-1\\" type=\\"button\\"><span class=\\"MuiIconButton-label\\"><p class=\\"MuiTypography-root MuiTypography-body2 MuiTypography-colorInherit\\">19</p></span><span class=\\"MuiTouchRipple-root\\"></span></button></div><div role=\\"presentation\\"><button class=\\"MuiButtonBase-root MuiIconButton-root MuiPickersDay-day\\" tabindex=\\"0\\" type=\\"button\\"><span class=\\"MuiIconButton-label\\"><p class=\\"MuiTypography-root MuiTypography-body2 MuiTypography-colorInherit\\">20</p></span><span class=\\"MuiTouchRipple-root\\"></span></button></div><div role=\\"presentation\\"><button class=\\"MuiButtonBase-root MuiIconButton-root MuiPickersDay-day\\" tabindex=\\"0\\" type=\\"button\\"><span class=\\"MuiIconButton-label\\"><p class=\\"MuiTypography-root MuiTypography-body2 MuiTypography-colorInherit\\">21</p></span><span class=\\"MuiTouchRipple-root\\"></span></button></div><div role=\\"presentation\\"><button class=\\"MuiButtonBase-root MuiIconButton-root MuiPickersDay-day\\" tabindex=\\"0\\" type=\\"button\\"><span class=\\"MuiIconButton-label\\"><p class=\\"MuiTypography-root MuiTypography-body2 MuiTypography-colorInherit\\">22</p></span><span class=\\"MuiTouchRipple-root\\"></span></button></div><div role=\\"presentation\\"><button class=\\"MuiButtonBase-root MuiIconButton-root MuiPickersDay-day\\" tabindex=\\"0\\" type=\\"button\\"><span class=\\"MuiIconButton-label\\"><p class=\\"MuiTypography-root MuiTypography-body2 MuiTypography-colorInherit\\">23</p></span><span class=\\"MuiTouchRipple-root\\"></span></button></div><div role=\\"presentation\\"><button class=\\"MuiButtonBase-root MuiIconButton-root MuiPickersDay-day\\" tabindex=\\"0\\" type=\\"button\\"><span class=\\"MuiIconButton-label\\"><p class=\\"MuiTypography-root MuiTypography-body2 MuiTypography-colorInherit\\">24</p></span><span class=\\"MuiTouchRipple-root\\"></span></button></div><div role=\\"presentation\\"><button class=\\"MuiButtonBase-root MuiIconButton-root MuiPickersDay-day MuiPickersDay-dayDisabled\\" tabindex=\\"-1\\" type=\\"button\\"><span class=\\"MuiIconButton-label\\"><p class=\\"MuiTypography-root MuiTypography-body2 MuiTypography-colorInherit\\">25</p></span><span class=\\"MuiTouchRipple-root\\"></span></button></div></div><div class=\\"MuiPickersCalendar-week\\"><div role=\\"presentation\\"><button class=\\"MuiButtonBase-root MuiIconButton-root MuiPickersDay-day MuiPickersDay-dayDisabled\\" tabindex=\\"-1\\" type=\\"button\\"><span class=\\"MuiIconButton-label\\"><p class=\\"MuiTypography-root MuiTypography-body2 MuiTypography-colorInherit\\">26</p></span><span class=\\"MuiTouchRipple-root\\"></span></button></div><div role=\\"presentation\\"><button class=\\"MuiButtonBase-root MuiIconButton-root MuiPickersDay-day\\" tabindex=\\"0\\" type=\\"button\\"><span class=\\"MuiIconButton-label\\"><p class=\\"MuiTypography-root MuiTypography-body2 MuiTypography-colorInherit\\">27</p></span><span class=\\"MuiTouchRipple-root\\"></span></button></div><div role=\\"presentation\\"><button class=\\"MuiButtonBase-root MuiIconButton-root MuiPickersDay-day\\" tabindex=\\"0\\" type=\\"button\\"><span class=\\"MuiIconButton-label\\"><p class=\\"MuiTypography-root MuiTypography-body2 MuiTypography-colorInherit\\">28</p></span><span class=\\"MuiTouchRipple-root\\"></span></button></div><div role=\\"presentation\\"><button class=\\"MuiButtonBase-root MuiIconButton-root MuiPickersDay-day\\" tabindex=\\"0\\" type=\\"button\\"><span class=\\"MuiIconButton-label\\"><p class=\\"MuiTypography-root MuiTypography-body2 MuiTypography-colorInherit\\">29</p></span><span class=\\"MuiTouchRipple-root\\"></span></button></div><div role=\\"presentation\\"><button class=\\"MuiButtonBase-root MuiIconButton-root MuiPickersDay-day\\" tabindex=\\"0\\" type=\\"button\\"><span class=\\"MuiIconButton-label\\"><p class=\\"MuiTypography-root MuiTypography-body2 MuiTypography-colorInherit\\">30</p></span><span class=\\"MuiTouchRipple-root\\"></span></button></div><div role=\\"presentation\\"><button class=\\"MuiButtonBase-root MuiIconButton-root MuiPickersDay-day MuiPickersDay-hidden\\" tabindex=\\"-1\\" type=\\"button\\"><span class=\\"MuiIconButton-label\\"><p class=\\"MuiTypography-root MuiTypography-body2 MuiTypography-colorInherit\\">1</p></span><span class=\\"MuiTouchRipple-root\\"></span></button></div><div role=\\"presentation\\"><button class=\\"MuiButtonBase-root MuiIconButton-root MuiPickersDay-day MuiPickersDay-hidden MuiPickersDay-dayDisabled\\" tabindex=\\"-1\\" type=\\"button\\"><span class=\\"MuiIconButton-label\\"><p class=\\"MuiTypography-root MuiTypography-body2 MuiTypography-colorInherit\\">2</p></span><span class=\\"MuiTouchRipple-root\\"></span></button></div></div></div></div></div></div></div></div><div class=\\"MuiGrid-root MuiGrid-container MuiGrid-item MuiGrid-justify-content-xs-center MuiGrid-grid-xs-12 MuiGrid-grid-sm-6\\"><div class=\\"row MuiBox-root css-19midj6\\" style=\\"position: relative; visibility: hidden; opacity: 0; right: -50px; transition: 200ms all ease-out;\\"><p class=\\"MuiTypography-root MuiTypography-body1 MuiTypography-alignCenter MuiTypography-paragraph css-vuo3po-MuiTypography-root\\" id=\\"availabilities\\">Availabilities</p><div class=\\"MuiGrid-root MuiGrid-container MuiGrid-item MuiGrid-align-content-xs-center\\"><div class=\\"MuiGrid-root MuiGrid-container MuiGrid-justify-content-xs-center\\"><div class=\\"MuiGrid-root column timeBoxes-container MuiGrid-item MuiGrid-grid-xs-4\\"><div><button class=\\"time-btn\\" value=\\"08:30\\">08:30</button></div></div><div class=\\"MuiGrid-root column timeBoxes-container MuiGrid-item MuiGrid-grid-xs-4\\"><div><button class=\\"time-btn\\" value=\\"09:30\\">09:30</button></div></div><div class=\\"MuiGrid-root column timeBoxes-container MuiGrid-item MuiGrid-grid-xs-4\\"><div><button class=\\"time-btn\\" value=\\"10:30\\">10:30</button></div></div><div class=\\"MuiGrid-root column timeBoxes-container MuiGrid-item MuiGrid-grid-xs-4\\"><div><button class=\\"time-btn\\" value=\\"11:30\\">11:30</button></div></div><div class=\\"MuiGrid-root column timeBoxes-container MuiGrid-item MuiGrid-grid-xs-4\\"><div><button class=\\"time-btn\\" value=\\"12:30\\">12:30</button></div></div><div class=\\"MuiGrid-root column timeBoxes-container MuiGrid-item MuiGrid-grid-xs-4\\"><div><button class=\\"time-btn\\" value=\\"13:30\\">13:30</button></div></div><div class=\\"MuiGrid-root column timeBoxes-container MuiGrid-item MuiGrid-grid-xs-4\\"><div><button class=\\"time-btn\\" value=\\"14:30\\">14:30</button></div></div><div class=\\"MuiGrid-root column timeBoxes-container MuiGrid-item MuiGrid-grid-xs-4\\"><div><button class=\\"time-btn\\" value=\\"15:30\\">15:30</button></div></div><div class=\\"MuiGrid-root column timeBoxes-container MuiGrid-item MuiGrid-grid-xs-4\\"><div><button class=\\"time-btn\\" value=\\"16:30\\">16:30</button></div></div></div></div></div></div><div class=\\"MuiContainer-root MuiContainer-maxWidthLg css-1oqqzyl-MuiContainer-root\\"><div class=\\"MuiGrid-root MuiGrid-container MuiGrid-item MuiGrid-justify-content-xs-center MuiGrid-grid-xs-12\\"><div class=\\"MuiBox-root css-ibbxqh\\" style=\\"position: relative; visibility: hidden; opacity: 0; bottom: -50px; transition: 200ms all ease-out;\\"><form><div class=\\"MuiGrid-root MuiGrid-container MuiGrid-spacing-xs-10 MuiGrid-item MuiGrid-justify-content-xs-center\\"><div class=\\"MuiGrid-root MuiGrid-item MuiGrid-grid-xs-12 MuiGrid-grid-sm-6\\"><div class=\\"MuiBox-root css-1u5pqyj\\"><div class=\\"MuiBox-root css-0\\"><div class=\\"MuiFormControl-root MuiTextField-root MuiFormControl-fullWidth\\"><label class=\\"MuiFormLabel-root MuiInputLabel-root MuiInputLabel-formControl MuiInputLabel-animated Mui-required Mui-required\\" data-shrink=\\"false\\">Company Name<span aria-hidden=\\"true\\" class=\\"MuiFormLabel-asterisk MuiInputLabel-asterisk\\"> *</span></label><div class=\\"MuiInputBase-root MuiInput-root MuiInput-underline MuiInputBase-fullWidth MuiInput-fullWidth MuiInputBase-formControl MuiInput-formControl MuiInputBase-adornedEnd\\"><input aria-invalid=\\"false\\" name=\\"companyName\\" required=\\"\\" type=\\"text\\" class=\\"MuiInputBase-input MuiInput-input MuiInputBase-inputAdornedEnd\\" value=\\"\\"><div class=\\"MuiInputAdornment-root MuiInputAdornment-positionEnd\\"><svg class=\\"MuiSvgIcon-root MuiSvgIcon-colorPrimary MuiSvgIcon-fontSizeMedium css-ci5apu-MuiSvgIcon-root\\" focusable=\\"false\\" aria-hidden=\\"true\\" viewBox=\\"0 0 24 24\\" data-testid=\\"BusinessIcon\\"><path d=\\"M12 7V3H2v18h20V7H12zM6 19H4v-2h2v2zm0-4H4v-2h2v2zm0-4H4V9h2v2zm0-4H4V5h2v2zm4 12H8v-2h2v2zm0-4H8v-2h2v2zm0-4H8V9h2v2zm0-4H8V5h2v2zm10 12h-8v-2h2v-2h-2v-2h2v-2h-2V9h8v10zm-2-8h-2v2h2v-2zm0 4h-2v2h2v-2z\\"></path></svg></div></div></div></div><div class=\\"MuiBox-root css-0\\"><div class=\\"MuiFormControl-root MuiTextField-root MuiFormControl-fullWidth\\"><label class=\\"MuiFormLabel-root MuiInputLabel-root MuiInputLabel-formControl MuiInputLabel-animated Mui-required Mui-required\\" data-shrink=\\"false\\">Contact Person<span aria-hidden=\\"true\\" class=\\"MuiFormLabel-asterisk MuiInputLabel-asterisk\\"> *</span></label><div class=\\"MuiInputBase-root MuiInput-root MuiInput-underline MuiInputBase-fullWidth MuiInput-fullWidth MuiInputBase-formControl MuiInput-formControl MuiInputBase-adornedEnd\\"><input aria-invalid=\\"false\\" name=\\"contactPerson\\" required=\\"\\" type=\\"text\\" class=\\"MuiInputBase-input MuiInput-input MuiInputBase-inputAdornedEnd\\" value=\\"\\"><div class=\\"MuiInputAdornment-root MuiInputAdornment-positionEnd\\"><svg class=\\"MuiSvgIcon-root MuiSvgIcon-colorPrimary MuiSvgIcon-fontSizeMedium css-ci5apu-MuiSvgIcon-root\\" focusable=\\"false\\" aria-hidden=\\"true\\" viewBox=\\"0 0 24 24\\" data-testid=\\"PersonIcon\\"><path d=\\"M12 12c2.21 0 4-1.79 4-4s-1.79-4-4-4-4 1.79-4 4 1.79 4 4 4zm0 2c-2.67 0-8 1.34-8 4v2h16v-2c0-2.66-5.33-4-8-4z\\"></path></svg></div></div></div></div><div class=\\"MuiBox-root css-0\\"><div class=\\"MuiFormControl-root MuiTextField-root MuiFormControl-fullWidth\\"><label class=\\"MuiFormLabel-root MuiInputLabel-root MuiInputLabel-formControl MuiInputLabel-animated Mui-required Mui-required\\" data-shrink=\\"false\\">Email<span aria-hidden=\\"true\\" class=\\"MuiFormLabel-asterisk MuiInputLabel-asterisk\\"> *</span></label><div class=\\"MuiInputBase-root MuiInput-root MuiInput-underline MuiInputBase-fullWidth MuiInput-fullWidth MuiInputBase-formControl MuiInput-formControl MuiInputBase-adornedEnd\\"><input aria-invalid=\\"false\\" name=\\"email\\" required=\\"\\" type=\\"text\\" class=\\"MuiInputBase-input MuiInput-input MuiInputBase-inputAdornedEnd\\" value=\\"\\"><div class=\\"MuiInputAdornment-root MuiInputAdornment-positionEnd\\"><svg class=\\"MuiSvgIcon-root MuiSvgIcon-colorPrimary MuiSvgIcon-fontSizeMedium css-ci5apu-MuiSvgIcon-root\\" focusable=\\"false\\" aria-hidden=\\"true\\" viewBox=\\"0 0 24 24\\" data-testid=\\"EmailIcon\\"><path d=\\"M20 4H4c-1.1 0-1.99.9-1.99 2L2 18c0 1.1.9 2 2 2h16c1.1 0 2-.9 2-2V6c0-1.1-.9-2-2-2zm0 4-8 5-8-5V6l8 5 8-5v2z\\"></path></svg></div></div></div></div><div class=\\"MuiBox-root css-0\\"><div class=\\"MuiFormControl-root MuiTextField-root MuiFormControl-fullWidth\\"><label class=\\"MuiFormLabel-root MuiInputLabel-root MuiInputLabel-formControl MuiInputLabel-animated Mui-required Mui-required\\" data-shrink=\\"false\\">Telephone<span aria-hidden=\\"true\\" class=\\"MuiFormLabel-asterisk MuiInputLabel-asterisk\\"> *</span></label><div class=\\"MuiInputBase-root MuiInput-root MuiInput-underline MuiInputBase-fullWidth MuiInput-fullWidth MuiInputBase-formControl MuiInput-formControl MuiInputBase-adornedEnd\\"><input aria-invalid=\\"false\\" name=\\"telephone\\" required=\\"\\" type=\\"text\\" class=\\"MuiInputBase-input MuiInput-input MuiInputBase-inputAdornedEnd\\" value=\\"\\"><div class=\\"MuiInputAdornment-root MuiInputAdornment-positionEnd\\"><svg class=\\"MuiSvgIcon-root MuiSvgIcon-colorPrimary MuiSvgIcon-fontSizeMedium css-ci5apu-MuiSvgIcon-root\\" focusable=\\"false\\" aria-hidden=\\"true\\" viewBox=\\"0 0 24 24\\" data-testid=\\"PhoneIcon\\"><path d=\\"M6.62 10.79c1.44 2.83 3.76 5.14 6.59 6.59l2.2-2.2c.27-.27.67-.36 1.02-.24 1.12.37 2.33.57 3.57.57.55 0 1 .45 1 1V20c0 .55-.45 1-1 1-9.39 0-17-7.61-17-17 0-.55.45-1 1-1h3.5c.55 0 1 .45 1 1 0 1.25.2 2.45.57 3.57.11.35.03.74-.25 1.02l-2.2 2.2z\\"></path></svg></div></div></div></div></div></div><div class=\\"MuiGrid-root MuiGrid-item MuiGrid-grid-xs-12 MuiGrid-grid-sm-6\\"><div class=\\"MuiFormControl-root MuiTextField-root MuiFormControl-fullWidth\\" sx=\\"[object Object]\\"><label class=\\"MuiFormLabel-root MuiInputLabel-root MuiInputLabel-formControl MuiInputLabel-animated MuiInputLabel-outlined Mui-required Mui-required\\" data-shrink=\\"false\\">Message<span aria-hidden=\\"true\\" class=\\"MuiFormLabel-asterisk MuiInputLabel-asterisk\\"> *</span></label><div class=\\"MuiInputBase-root MuiOutlinedInput-root MuiInputBase-fullWidth MuiInputBase-formControl MuiInputBase-multiline MuiOutlinedInput-multiline\\"><textarea rows=\\"15\\" aria-invalid=\\"false\\" name=\\"message\\" required=\\"\\" class=\\"MuiInputBase-input MuiOutlinedInput-input MuiInputBase-inputMultiline MuiOutlinedInput-inputMultiline\\" style=\\"height: 0px; overflow: hidden;\\"></textarea><textarea aria-hidden=\\"true\\" class=\\"MuiInputBase-input MuiOutlinedInput-input MuiInputBase-inputMultiline MuiOutlinedInput-inputMultiline\\" readonly=\\"\\" tabindex=\\"-1\\" style=\\"visibility: hidden; position: absolute; overflow: hidden; height: 0px; top: 0px; left: 0px; transform: translateZ(0); width: 100%;\\"></textarea><fieldset aria-hidden=\\"true\\" class=\\"PrivateNotchedOutline-root-2 MuiOutlinedInput-notchedOutline\\"><legend class=\\"PrivateNotchedOutline-legendLabelled-4\\"><span>Message&nbsp;*</span></legend></fieldset></div></div><div class=\\"MuiBox-root css-0\\"><button class=\\"MuiButton-root MuiButton-contained MuiButton-containedPrimary MuiButton-sizeMedium MuiButton-containedSizeMedium MuiButtonBase-root  css-sghohy-MuiButtonBase-root-MuiButton-root\\" tabindex=\\"0\\" type=\\"submit\\" to=\\"\\">Book<span class=\\"MuiTouchRipple-root css-8je8zh-MuiTouchRipple-root\\"></span></button></div></div></div></form></div></div></div></div></div></div>"`;
