// Jest Snapshot v1, https://goo.gl/fbAQLP

exports[`CaseStudyWaterHeader test Shows CaseStudyWaterHeader 1`] = `"<div class=\\"TopHeader\\" style=\\"background-image: url(https://images.unsplash.com/photo-1596021876043-3ec2658c4477?ixlib=rb-1.2.1&amp;ixid=MnwxMjA3fDB8MHxwaG90by1wYWdlfHx8fGVufDB8fHx8&amp;auto=format&amp;fit=crop&amp;w=2874&amp;q=80); background-repeat: no-repeat; background-size: cover; background-position: center; text-align: center;\\"><div class=\\"HeaderBox\\"><h1 class=\\"MuiTypography-root MuiTypography-h1 BoxHeadline css-o2w69a-MuiTypography-root\\" style=\\"color: black;\\">Water</h1><div class=\\"BoxText\\" style=\\"color: black;\\"><p><strong><em>785 million</em></strong> people in the world live <strong><em>without</em></strong><br> clean water. <br></p></div></div></div><div style=\\"text-align: center; margin-top: -15px;\\"><a class=\\" css-1a6d3yr-MuiButton-root\\" component=\\"button\\" focusvisibleclassname=\\"\\" style=\\"padding: 12px 22px; text-decoration: none; font-weight: 500; border-radius: 0; text-transform: none;\\" classes=\\"[object Object]\\" href=\\"/booking\\">Book a Consultation</a></div>"`;
