// Jest Snapshot v1, https://goo.gl/fbAQLP

exports[`CorporateMember page snapshot corporateMember page 1`] = `"<div><div class=\\"TopHeader\\" style=\\"background-image: url(https://images.unsplash.com/photo-1509099836639-18ba1795216d?crop=entropy&amp;cs=tinysrgb&amp;fm=jpg&amp;ixlib=rb-1.2.1&amp;q=80&amp;raw_url=true&amp;ixid=MnwxMjA3fDB8MHxwaG90by1wYWdlfHx8fGVufDB8fHx8&amp;auto=format&amp;fit=crop&amp;w=3862); background-repeat: no-repeat; background-size: cover; background-position: center; text-align: center;\\"><div class=\\"HeaderBox\\"><div class=\\"BoxHeadline\\" style=\\"color: white;\\"><h1>Corporate <em>members</em></h1></div><div class=\\"BoxText\\" style=\\"color: white;\\"><p>Joining Meloria Impact gives you access to a <strong><em>broad variety</em></strong><br> of <strong><em>helpful tools</em></strong> for tracking, statistics &amp; more</p></div></div></div><div style=\\"height: 100px;\\"></div><div><h1 style=\\"font-size: 36px; font-weight: bold; text-align: center;\\">Benefits</h1></div><div style=\\"width: 100px; height: 2px; background-color: rgb(3, 79, 122); margin: 5px auto 100px auto;\\"></div><div class=\\"MuiBox-root css-i9gxme\\" style=\\"max-width: 1240px; margin: auto;\\"><div class=\\"MuiGrid-root MuiGrid-container css-11lq3yg-MuiGrid-root\\"><div class=\\"MuiGrid-root MuiGrid-item MuiGrid-grid-xs-12 MuiGrid-grid-md-6 css-1fyyp8j-MuiGrid-root\\"><p class=\\"textCorporateBenefits\\">By using Meliora Impact's platform, companies can leverage their corporate resources for greater social good.<br><br>Donors who choose our platform get access to carefully selected nonprofits and projects to support, will receive inside stories about the projects and will see how their donations make an impact.<br><br>Donors get access to engaging reports on their philanthropic activity, continuously updated dashboards, and of course have full control over their donations.<br><br>In addition, corporate donors can sign up to receive a philanthropic strategy fully tailored to their business and values.</p><h1 style=\\"margin-top: 80px; margin-bottom: 20px; font-size: 30px; text-align: center;\\">Ready to get started?</h1><button class=\\"joinUsBtnBenefits\\">Join us</button></div><div class=\\"MuiGrid-root MuiGrid-item MuiGrid-grid-xs-12 MuiGrid-grid-md-6 css-1fyyp8j-MuiGrid-root\\"><div><img class=\\"dashboardImg\\" style=\\"display: block; margin-left: auto;\\" src=\\"test-file-stub\\"></div><div style=\\"margin-top: 30px;\\"><img class=\\"vettedNpoImg\\" style=\\"display: block; margin-right: auto;\\" src=\\"test-file-stub\\"></div></div></div></div><div style=\\"height: 100px;\\"></div><div><h1 style=\\"font-size: 36px; font-weight: bold; text-align: center;\\">Services</h1></div><div style=\\"width: 100px; height: 2px; background-color: rgb(3, 79, 122); margin: 5px auto 50px auto;\\"></div><div class=\\"containerCorporateServices\\"><div class=\\"widthContainerServices\\"><div class=\\"MuiBox-root css-i9gxme\\"><div class=\\"MuiGrid-root MuiGrid-container MuiGrid-spacing-xs-2 css-mhc70k-MuiGrid-root\\"><div class=\\"MuiGrid-root MuiGrid-item MuiGrid-grid-xs-12 MuiGrid-grid-md-4 css-1lj5egr-MuiGrid-root\\"><div style=\\"text-align: center;\\"><img src=\\"test-file-stub\\"><p style=\\"font-size: 18px; color: rgb(3, 79, 122); margin-top: 10px;\\"><strong>Curated Donations</strong></p><p style=\\"font-size: 16px; margin-top: 8px;\\"><strong>Regular</strong> funding<br> stream</p></div></div><div class=\\"MuiGrid-root MuiGrid-item MuiGrid-grid-xs-12 MuiGrid-grid-md-4 css-1lj5egr-MuiGrid-root\\"><div style=\\"text-align: center; margin: 20px;\\"><img src=\\"test-file-stub\\"><p style=\\"font-size: 18px; color: rgb(3, 79, 122); margin-top: 10px;\\"><strong>Platform</strong></p><p style=\\"font-size: 16px; margin-top: 8px;\\">One platform <strong>connecting</strong><br>them to their<br><strong>donors</strong></p></div></div><div class=\\"MuiGrid-root MuiGrid-item MuiGrid-grid-xs-12 MuiGrid-grid-md-4 css-1lj5egr-MuiGrid-root\\"><div style=\\"text-align: center; margin: 20px;\\"><img src=\\"test-file-stub\\"><p style=\\"font-size: 18px; color: rgb(3, 79, 122); margin-top: 10px;\\"><strong>Tools</strong></p><p style=\\"font-size: 16px; margin-top: 8px;\\"><strong>Free</strong> digital<br> tools</p></div></div><div class=\\"MuiGrid-root MuiGrid-item MuiGrid-grid-xs-12 MuiGrid-grid-md-4 css-1lj5egr-MuiGrid-root\\"><div style=\\"text-align: center; margin-top: 10px;\\"><img src=\\"test-file-stub\\"><p style=\\"font-size: 18px; color: rgb(3, 79, 122); margin-top: 10px;\\"><strong>Funding</strong></p><p style=\\"font-size: 16px; margin-top: 8px;\\"><strong>Regular</strong> funding<br> stream</p></div></div><div class=\\"MuiGrid-root MuiGrid-item MuiGrid-grid-xs-12 MuiGrid-grid-md-4 css-1lj5egr-MuiGrid-root\\"><div style=\\"text-align: center; margin: 20px;\\"><img src=\\"test-file-stub\\"><p style=\\"font-size: 18px; color: rgb(3, 79, 122); margin-top: 10px;\\"><strong>Platform</strong></p><p style=\\"font-size: 16px; margin-top: 8px;\\">One platform <strong>connecting</strong><br>them to their<br><strong>donors</strong></p></div></div><div class=\\"MuiGrid-root MuiGrid-item MuiGrid-grid-xs-12 MuiGrid-grid-md-4 css-1lj5egr-MuiGrid-root\\"><div style=\\"text-align: center; margin: 20px;\\"><img src=\\"test-file-stub\\"><p style=\\"font-size: 18px; color: rgb(3, 79, 122); margin-top: 10px;\\"><strong>Tools</strong></p><p style=\\"font-size: 16px; margin-top: 8px;\\"><strong>Free</strong> digital<br> tools</p></div></div><div class=\\"MuiGrid-root MuiGrid-item MuiGrid-grid-xs-12 MuiGrid-grid-md-4 css-1lj5egr-MuiGrid-root\\"><div style=\\"text-align: center; margin: 20px;\\"><img src=\\"test-file-stub\\"><p style=\\"font-size: 18px; color: rgb(3, 79, 122); margin-top: 10px;\\"><strong>Tools</strong></p><p style=\\"font-size: 16px; margin-top: 8px;\\"><strong>Free</strong> digital<br> tools</p></div></div><div class=\\"MuiGrid-root MuiGrid-item MuiGrid-grid-xs-12 MuiGrid-grid-md-4 css-1lj5egr-MuiGrid-root\\"><div style=\\"text-align: center; margin: 20px;\\"><img src=\\"test-file-stub\\"><p style=\\"font-size: 18px; color: rgb(3, 79, 122); margin-top: 10px;\\"><strong>Tools</strong></p><p style=\\"font-size: 16px; margin-top: 8px;\\"><strong>Free</strong> digital<br> tools</p></div></div><div class=\\"MuiGrid-root MuiGrid-item MuiGrid-grid-xs-12 MuiGrid-grid-md-4 css-1lj5egr-MuiGrid-root\\"><div style=\\"text-align: center; margin: 20px;\\"><img src=\\"test-file-stub\\"><p style=\\"font-size: 18px; color: rgb(3, 79, 122); margin-top: 10px;\\"><strong>Tools</strong></p><p style=\\"font-size: 16px; margin-top: 8px;\\"><strong>Free</strong> digital<br> tools</p></div></div></div></div></div></div><div style=\\"height: 100px;\\"></div></div>"`;
