// Jest Snapshot v1, https://goo.gl/fbAQLP

exports[`customButton test shows customButton 1`] = `"<div></div>"`;
