// Jest Snapshot v1, https://goo.gl/fbAQLP

exports[`customEmployeeCard test shows CustomEmployeeCard 1`] = `"<div class=\\"employeeCard MuiBox-root css-v7jxda\\" style=\\"background-color: rgb(237, 230, 241);\\"><div class=\\"MuiBox-root css-0\\"><div class=\\"MuiGrid-root MuiGrid-container css-v0rbtg-MuiGrid-root\\"><div class=\\"MuiGrid-root MuiGrid-container MuiGrid-item MuiGrid-grid-xs-2 css-y0g10o-MuiGrid-root\\"><div class=\\"MuiAvatar-root MuiAvatar-circular css-a2xf8u-MuiAvatar-root\\"><img src=\\"undefined\\" class=\\"MuiAvatar-img css-1pqm26d-MuiAvatar-img\\"></div></div><div class=\\"MuiGrid-root MuiGrid-container MuiGrid-item MuiGrid-grid-xs-8 css-14mixqs-MuiGrid-root\\"><h4 class=\\"MuiTypography-root MuiTypography-h4 css-13d8583-MuiTypography-root\\"></h4><p class=\\"MuiTypography-root MuiTypography-body1 MuiTypography-paragraph css-mzff8c-MuiTypography-root\\"></p></div><div class=\\"MuiGrid-root MuiGrid-item css-13i4rnv-MuiGrid-root\\"><div class=\\"MuiBox-root css-1bbcutn\\"><h6 class=\\"MuiTypography-root MuiTypography-subtitle2 css-1vhmb89-MuiTypography-root\\"></h6></div></div><div class=\\"MuiGrid-root MuiGrid-container MuiGrid-item buttonDiv css-1gilgkt-MuiGrid-root\\"><button class=\\"MuiButton-root MuiButton-outlined MuiButton-outlinedPrimary MuiButton-sizeMedium MuiButton-outlinedSizeMedium MuiButtonBase-root  css-16mysmu-MuiButtonBase-root-MuiButton-root\\" tabindex=\\"0\\" type=\\"button\\" target=\\"_blank\\" style=\\"padding: 0px 22px; text-decoration: none; font-weight: 500; border-radius: 0; text-transform: none;\\">LinkedIn</button></div></div></div></div>"`;
