// Jest Snapshot v1, https://goo.gl/fbAQLP

exports[`Faq page shows error message 1`] = `"<div class=\\"error-message\\"><h1>Error</h1><div>Error: Failed to fetch</div></div>"`;

exports[`Faq page shows faq list 1`] = `"<div class=\\"MuiBox-root css-1krpg11\\" style=\\"height: 650px; overflow-y: auto;\\"><div class=\\"MuiGrid-root MuiGrid-container css-1encfgq-MuiGrid-root\\" style=\\"max-width: 1440px; margin: auto;\\"><div class=\\"MuiGrid-root MuiGrid-container MuiGrid-item MuiGrid-grid-xs-12 MuiGrid-grid-md-6 css-ve5eqt-MuiGrid-root\\"><div class=\\"MuiBox-root css-0\\"><div><div style=\\"font-size: 36px; text-align: center; color: rgb(33, 33, 33); font-family: Josefin Sans; font-weight: 500;\\">FAQs</div></div><div style=\\"width: 80px; height: 2px; background-color: rgb(73, 3, 116); margin: 5px auto 0px auto;\\"></div><p class=\\"MuiTypography-root MuiTypography-body1 MuiTypography-paragraph css-lvs09v-MuiTypography-root\\">How can we help you?</p></div></div><div class=\\"MuiGrid-root MuiGrid-container MuiGrid-item MuiGrid-grid-xs-12 MuiGrid-grid-md-6 css-ve5eqt-MuiGrid-root\\"><div class=\\"MuiBox-root css-0\\"><form><input type=\\"text\\" name=\\"search\\" class=\\"searchBar\\" placeholder=\\"search...\\" value=\\"\\"><svg class=\\"MuiSvgIcon-root MuiSvgIcon-colorPrimary MuiSvgIcon-fontSizeMedium css-ci5apu-MuiSvgIcon-root\\" focusable=\\"false\\" aria-hidden=\\"true\\" viewBox=\\"0 0 24 24\\" data-testid=\\"SearchIcon\\" style=\\"cursor: pointer; font-size: 30px; text-align: center; margin-block: -10px;\\"><path d=\\"M15.5 14h-.79l-.28-.27C15.41 12.59 16 11.11 16 9.5 16 5.91 13.09 3 9.5 3S3 5.91 3 9.5 5.91 16 9.5 16c1.61 0 3.09-.59 4.23-1.57l.27.28v.79l5 4.99L20.49 19l-4.99-5zm-6 0C7.01 14 5 11.99 5 9.5S7.01 5 9.5 5 14 7.01 14 9.5 11.99 14 9.5 14z\\"></path></svg></form></div></div></div><div class=\\"MuiBox-root css-zitybv\\"><div class=\\"MuiGrid-root MuiGrid-container css-11lq3yg-MuiGrid-root\\" justify=\\"flex-end\\" style=\\"max-width: 1440px; margin: auto;\\"><div class=\\"MuiGrid-root MuiGrid-item MuiGrid-grid-xs-12 MuiGrid-grid-sm-12 MuiGrid-grid-md-12 MuiGrid-grid-lg-6 css-f0xsrb-MuiGrid-root\\"><div class=\\"accordion\\"><div class=\\"item\\"><div class=\\"title\\" id=\\"faqBtn\\"><div><strong>1. How can we help you?</strong></div><span><svg class=\\"MuiSvgIcon-root MuiSvgIcon-fontSizeMedium css-i4bv87-MuiSvgIcon-root\\" focusable=\\"false\\" aria-hidden=\\"true\\" viewBox=\\"0 0 24 24\\" data-testid=\\"AddCircleOutlineIcon\\" style=\\"color: rgb(73, 3, 116); font-size: 25px;\\"><path d=\\"M13 7h-2v4H7v2h4v4h2v-4h4v-2h-4V7zm-1-5C6.48 2 2 6.48 2 12s4.48 10 10 10 10-4.48 10-10S17.52 2 12 2zm0 18c-4.41 0-8-3.59-8-8s3.59-8 8-8 8 3.59 8 8-3.59 8-8 8z\\"></path></svg></span></div><div class=\\"content\\"><div>Jest answer</div></div></div></div></div></div></div><div class=\\"MuiGrid-root MuiGrid-container css-1u5cjow-MuiGrid-root\\"><div class=\\"MuiGrid-root MuiGrid-item MuiGrid-grid-xs-12 css-1idn90j-MuiGrid-root\\"><article><p>If you can't find your question, please complete the form</p><a class=\\" css-1bn96kg-MuiButton-root\\" component=\\"button\\" focusvisibleclassname=\\"\\" style=\\"text-decoration: none; font-weight: 500; border-radius: 0; text-transform: none;\\" classes=\\"[object Object]\\" href=\\"/contact\\">Contact</a></article></div></div></div>"`;

exports[`Faq page shows faq page 1`] = `"<div class=\\"loading-indicator\\">Loading...</div>"`;

exports[`Faq page shows loading screen 1`] = `"<div class=\\"loading-indicator\\">Loading...</div>"`;
