// Jest Snapshot v1, https://goo.gl/fbAQLP

exports[`FaqQuestionCard test shows FaqQuestionCard 1`] = `"<div class=\\"accordion\\"><div class=\\"item\\"><div class=\\"title\\" id=\\"faqBtn\\"><div><strong>1. testQuestion</strong></div><span><svg class=\\"MuiSvgIcon-root MuiSvgIcon-fontSizeMedium css-i4bv87-MuiSvgIcon-root\\" focusable=\\"false\\" aria-hidden=\\"true\\" viewBox=\\"0 0 24 24\\" data-testid=\\"AddCircleOutlineIcon\\" style=\\"color: rgb(73, 3, 116); font-size: 25px;\\"><path d=\\"M13 7h-2v4H7v2h4v4h2v-4h4v-2h-4V7zm-1-5C6.48 2 2 6.48 2 12s4.48 10 10 10 10-4.48 10-10S17.52 2 12 2zm0 18c-4.41 0-8-3.59-8-8s3.59-8 8-8 8 3.59 8 8-3.59 8-8 8z\\"></path></svg></span></div><div class=\\"content\\"><div>testAnswer</div></div></div></div>"`;
