// Jest Snapshot v1, https://goo.gl/fbAQLP

exports[`HandHoldingHeartIcon test shows HandHoldingHeartIcon 1`] = `"<svg class=\\"MuiSvgIcon-root MuiSvgIcon-fontSizeMedium css-i4bv87-MuiSvgIcon-root\\" focusable=\\"false\\" aria-hidden=\\"true\\" viewBox=\\"0 0 24 24\\"><svg width=\\"20\\" height=\\"20\\" viewBox=\\"0 0 71 71\\" fill=\\"none\\" xmlns=\\"http://www.w3.org/2000/svg\\"><path d=\\"M35.0728 35.039C35.5832 35.6605 36.4144 35.6605 36.9321 35.039L44.8723 25.4484C47.1763 22.6602 47.0451 18.0413 44.464 15.4715C42.2183 13.2292 38.8716 13.6323 36.8155 16.1181L35.9988 17.1007L35.1895 16.1265C33.1334 13.6323 29.7867 13.2292 27.541 15.4715C24.9672 18.0413 24.8286 22.6602 27.1327 25.4484L35.0728 35.039ZM56.2175 41.5559C55.3571 40.6573 54.0156 40.7161 53.1114 41.5559L46.3743 47.7621C45.5504 48.5263 44.5223 48.9378 43.4578 48.9378H34.8322C34.1906 48.9378 33.6656 48.3332 33.6656 47.5941C33.6656 46.8551 34.1906 46.2505 34.8322 46.2505H40.5413C41.7006 46.2505 42.7797 45.3351 42.9693 44.0166C43.2099 42.3369 42.087 40.8757 40.6652 40.8757H28.9992C27.0306 40.8757 25.1276 41.6567 23.5964 43.0844L20.206 46.2505H16.1666C15.525 46.2505 15 46.8551 15 47.5941V55.6563C15 56.3953 15.525 57 16.1666 57H42.1818C43.2391 57 44.2671 56.5885 45.0983 55.8243L56.1227 45.6626C57.231 44.6464 57.3185 42.6981 56.2175 41.5559Z\\" fill=\\"#490374\\"></path><path d=\\"M71 35.5C71 55.1061 55.1061 71 35.5 71C15.8939 71 0 55.1061 0 35.5C0 15.8939 15.8939 0 35.5 0C55.1061 0 71 15.8939 71 35.5ZM7.1 35.5C7.1 51.1849 19.8151 63.9 35.5 63.9C51.1849 63.9 63.9 51.1849 63.9 35.5C63.9 19.8151 51.1849 7.1 35.5 7.1C19.8151 7.1 7.1 19.8151 7.1 35.5Z\\" fill=\\"#490374\\"></path></svg></svg>"`;
