// Jest Snapshot v1, https://goo.gl/fbAQLP

exports[`headerBox test shows headerBox 1`] = `"<div></div>"`;
