// Jest Snapshot v1, https://goo.gl/fbAQLP

exports[`KnowledgeCase page shows knowledgeCase page 1`] = `"<div>Loading...</div>"`;
