// Jest Snapshot v1, https://goo.gl/fbAQLP

exports[`Member service Cards test shows member service card 1`] = `"<a href=\\"/test\\"><div class=\\"service-card MuiBox-root css-19wy109\\"><div class=\\"MuiGrid-root MuiGrid-container MuiGrid-direction-xs-column css-rnlwrt-MuiGrid-root\\"><div class=\\"MuiGrid-root MuiGrid-item css-13i4rnv-MuiGrid-root\\"><div class=\\"service-icon MuiBox-root css-0\\"><p class=\\"MuiTypography-root MuiTypography-body1 MuiTypography-alignCenter css-1uretal-MuiTypography-root\\">test</p></div><h4 class=\\"MuiTypography-root MuiTypography-h4 MuiTypography-alignCenter MuiTypography-gutterBottom service-header css-wwozti-MuiTypography-root\\">test</h4><p class=\\"MuiTypography-root MuiTypography-body1 MuiTypography-alignCenter MuiTypography-paragraph service-content css-1i5fhu7-MuiTypography-root\\">test </p></div><div class=\\"member-service-card__button MuiBox-root css-0\\"><a class=\\" css-vcbgxq-MuiButton-root\\" component=\\"button\\" focusvisibleclassname=\\"\\" style=\\"padding: 12px 22px; text-decoration: none; font-weight: 500; border-radius: 0; text-transform: none;\\" classes=\\"[object Object]\\" href=\\"/test\\">Learn more</a></div></div></div></a>"`;
