// Jest Snapshot v1, https://goo.gl/fbAQLP

exports[`Nonprofit page shows nonprofit page 1`] = `"<div class=\\"TopHeader\\" style=\\"background-image: url(https://images.unsplash.com/photo-1505455184862-554165e5f6ba?crop=entropy&amp;cs=tinysrgb&amp;fm=jpg&amp;ixlib=rb-1.2.1&amp;q=80&amp;raw_url=true&amp;ixid=MnwxMjA3fDB8MHxwaG90by1wYWdlfHx8fGVufDB8fHx8&amp;auto=format&amp;fit=crop&amp;w=2969); background-repeat: no-repeat; background-size: cover; background-position: center; text-align: center;\\"><div class=\\"HeaderBox\\"><div class=\\"BoxHeadline\\" style=\\"color: white;\\"><div>Non-profit <em>members</em></div></div><div class=\\"BoxText\\" style=\\"color: white;\\"><div>There's often no solid <strong><em>philanthropic</em></strong> strategy and <strong><em>nonprofits</em></strong> are picked on an <strong><em>ad-hoc basis.</em></strong></div></div></div></div><div style=\\"height: 100px;\\"></div><div><div style=\\"font-size: 36px; font-weight: bold; text-align: center; color: rgb(33, 33, 33);\\">Benefits</div></div><div style=\\"width: 100px; height: 2px; background-color: rgb(3, 79, 122); margin: 5px auto 50px auto;\\"></div><div class=\\"containerBenefits\\"><div class=\\"widthContainerBenefits\\"><div class=\\"MuiBox-root css-i9gxme\\"><div class=\\"MuiContainer-root MuiContainer-maxWidthLg css-1oqqzyl-MuiContainer-root\\"><div class=\\"MuiGrid-root MuiGrid-container css-1lym95h-MuiGrid-root\\" style=\\"max-width: 1440px; margin: auto;\\"><div class=\\"MuiGrid-root MuiGrid-item MuiGrid-grid-xs-8 MuiGrid-grid-sm-6 css-72ujfr-MuiGrid-root\\"><p><strong>More nonprofits are going digital: payments, platforms, marketing and storytelling are done and supported online.</strong><br><br>Individual donations via digital platforms have increased by 45% in 2020<br> in Norway alone.<br><br>This trend means that nonprofits need to spend time and money to<br> develop those new solutions. Our platform gives the nonprofits exactly<br> these tools (and more) for free, and ensures that also smaller nonprofits<br> can be a part of the digitization without using up their own resources.</p></div><div class=\\"MuiGrid-root MuiGrid-item MuiGrid-grid-xs-12 MuiGrid-grid-sm-6 css-1b3l6lk-MuiGrid-root\\"><div><img class=\\"benefitsImg\\" src=\\"test-file-stub\\"></div></div><div class=\\"MuiGrid-root MuiGrid-item MuiGrid-grid-xs-12 MuiGrid-grid-md-10 css-1yysv6i-MuiGrid-root\\"><div class=\\"joinUsDiv\\"><div><h1 class=\\"headlineText\\">Ready to get started?</h1><button class=\\"buttonUnderHeadline\\">Join us</button></div></div></div></div></div></div></div></div><div style=\\"height: 100px;\\"></div><div><div style=\\"font-size: 36px; font-weight: bold; text-align: center; color: rgb(33, 33, 33);\\">Services</div></div><div style=\\"width: 100px; height: 2px; background-color: rgb(3, 79, 122); margin: 5px auto 50px auto;\\"></div><div class=\\"containerServices\\"><div class=\\"widthContainer\\"><div class=\\"MuiBox-root css-i9gxme\\"><div class=\\"MuiGrid-root MuiGrid-container MuiGrid-spacing-xs-2 css-mhc70k-MuiGrid-root\\"><div class=\\"MuiGrid-root MuiGrid-item MuiGrid-grid-xs-12 MuiGrid-grid-md-4 css-1lj5egr-MuiGrid-root\\"><div style=\\"text-align: center; margin-top: 10px;\\"><img src=\\"test-file-stub\\"><p style=\\"font-size: 18px; color: rgb(3, 79, 122); margin-top: 10px;\\"><strong>Funding</strong></p><p style=\\"font-size: 16px; margin-top: 8px;\\"><strong>Regular</strong> funding<br> stream</p></div></div><div class=\\"MuiGrid-root MuiGrid-item MuiGrid-grid-xs-12 MuiGrid-grid-md-4 css-1lj5egr-MuiGrid-root\\"><div style=\\"text-align: center; margin: 20px;\\"><img src=\\"test-file-stub\\"><p style=\\"font-size: 18px; color: rgb(3, 79, 122); margin-top: 10px;\\"><strong>Platform</strong></p><p style=\\"font-size: 16px; margin-top: 8px;\\">One platform <strong>connecting</strong><br>them to their<br><strong>donors</strong></p></div></div><div class=\\"MuiGrid-root MuiGrid-item MuiGrid-grid-xs-12 MuiGrid-grid-md-4 css-1lj5egr-MuiGrid-root\\"><div style=\\"text-align: center; margin: 20px;\\"><img src=\\"test-file-stub\\"><p style=\\"font-size: 18px; color: rgb(3, 79, 122); margin-top: 10px;\\"><strong>Tools</strong></p><p style=\\"font-size: 16px; margin-top: 8px;\\"><strong>Free</strong> digital<br> tools</p></div></div></div></div></div></div><div style=\\"height: 100px;\\"></div>"`;
