// Jest Snapshot v1, https://goo.gl/fbAQLP

exports[`ProgressBar test shows progressBar 1`] = `"<div style=\\"margin: 20px;\\" class=\\"makeStyles-root-1\\"><div class=\\"MuiPaper-root MuiStepper-root MuiStepper-horizontal MuiStepper-alternativeLabel MuiPaper-elevation0\\"><div class=\\"MuiStep-root MuiStep-horizontal MuiStep-alternativeLabel\\"><span class=\\"MuiStepLabel-root MuiStepLabel-horizontal MuiStepLabel-alternativeLabel\\"><span class=\\"MuiStepLabel-iconContainer MuiStepLabel-alternativeLabel\\"><svg class=\\"MuiSvgIcon-root MuiStepIcon-root MuiStepIcon-active\\" focusable=\\"false\\" viewBox=\\"0 0 24 24\\" aria-hidden=\\"true\\"><circle cx=\\"12\\" cy=\\"12\\" r=\\"12\\"></circle><text class=\\"MuiStepIcon-text\\" x=\\"12\\" y=\\"16\\" text-anchor=\\"middle\\">1</text></svg></span><span class=\\"MuiStepLabel-labelContainer\\"><span class=\\"MuiTypography-root MuiStepLabel-label MuiStepLabel-alternativeLabel MuiStepLabel-active MuiTypography-body2 MuiTypography-displayBlock\\">Step 1: Select a date</span></span></span></div><div class=\\"MuiStep-root MuiStep-horizontal MuiStep-alternativeLabel\\"><div class=\\"MuiStepConnector-root MuiStepConnector-horizontal MuiStepConnector-alternativeLabel Mui-disabled\\"><span class=\\"MuiStepConnector-line MuiStepConnector-lineHorizontal\\"></span></div><span class=\\"MuiStepLabel-root MuiStepLabel-horizontal Mui-disabled MuiStepLabel-alternativeLabel\\"><span class=\\"MuiStepLabel-iconContainer MuiStepLabel-alternativeLabel\\"><svg class=\\"MuiSvgIcon-root MuiStepIcon-root\\" focusable=\\"false\\" viewBox=\\"0 0 24 24\\" aria-hidden=\\"true\\"><circle cx=\\"12\\" cy=\\"12\\" r=\\"12\\"></circle><text class=\\"MuiStepIcon-text\\" x=\\"12\\" y=\\"16\\" text-anchor=\\"middle\\">2</text></svg></span><span class=\\"MuiStepLabel-labelContainer\\"><span class=\\"MuiTypography-root MuiStepLabel-label MuiStepLabel-alternativeLabel MuiTypography-body2 MuiTypography-displayBlock\\">Step 2: Choose time</span></span></span></div><div class=\\"MuiStep-root MuiStep-horizontal MuiStep-alternativeLabel\\"><div class=\\"MuiStepConnector-root MuiStepConnector-horizontal MuiStepConnector-alternativeLabel Mui-disabled\\"><span class=\\"MuiStepConnector-line MuiStepConnector-lineHorizontal\\"></span></div><span class=\\"MuiStepLabel-root MuiStepLabel-horizontal Mui-disabled MuiStepLabel-alternativeLabel\\"><span class=\\"MuiStepLabel-iconContainer MuiStepLabel-alternativeLabel\\"><svg class=\\"MuiSvgIcon-root MuiStepIcon-root\\" focusable=\\"false\\" viewBox=\\"0 0 24 24\\" aria-hidden=\\"true\\"><circle cx=\\"12\\" cy=\\"12\\" r=\\"12\\"></circle><text class=\\"MuiStepIcon-text\\" x=\\"12\\" y=\\"16\\" text-anchor=\\"middle\\">3</text></svg></span><span class=\\"MuiStepLabel-labelContainer\\"><span class=\\"MuiTypography-root MuiStepLabel-label MuiStepLabel-alternativeLabel MuiTypography-body2 MuiTypography-displayBlock\\">Step 3: Fill the form</span></span></span></div><div class=\\"MuiStep-root MuiStep-horizontal MuiStep-alternativeLabel\\"><div class=\\"MuiStepConnector-root MuiStepConnector-horizontal MuiStepConnector-alternativeLabel Mui-disabled\\"><span class=\\"MuiStepConnector-line MuiStepConnector-lineHorizontal\\"></span></div><span class=\\"MuiStepLabel-root MuiStepLabel-horizontal Mui-disabled MuiStepLabel-alternativeLabel\\"><span class=\\"MuiStepLabel-iconContainer MuiStepLabel-alternativeLabel\\"><svg class=\\"MuiSvgIcon-root MuiStepIcon-root\\" focusable=\\"false\\" viewBox=\\"0 0 24 24\\" aria-hidden=\\"true\\"><circle cx=\\"12\\" cy=\\"12\\" r=\\"12\\"></circle><text class=\\"MuiStepIcon-text\\" x=\\"12\\" y=\\"16\\" text-anchor=\\"middle\\">4</text></svg></span><span class=\\"MuiStepLabel-labelContainer\\"><span class=\\"MuiTypography-root MuiStepLabel-label MuiStepLabel-alternativeLabel MuiTypography-body2 MuiTypography-displayBlock\\">All steps completed!</span></span></span></div></div></div>"`;
