// Jest Snapshot v1, https://goo.gl/fbAQLP

exports[`sectorCard test shows sector cards 1`] = `"<a href=\\"/testData\\"><div class=\\"sector-container MuiBox-root css-i3nlsl\\"><div class=\\"MuiGrid-root MuiGrid-container css-1hqcngf-MuiGrid-root\\"><div class=\\"MuiGrid-root MuiGrid-item css-13i4rnv-MuiGrid-root\\"><img src=\\"imageURL\\" class=\\"sector-image\\"></div><div class=\\"MuiGrid-root MuiGrid-item css-13i4rnv-MuiGrid-root\\"><div class=\\"MuiBox-root css-1yuhvjn\\"><h3 class=\\"MuiTypography-root MuiTypography-h3 MuiTypography-gutterBottom sector-header css-1kn7tn9-MuiTypography-root\\">testTitle</h3><p class=\\"MuiTypography-root MuiTypography-body1 MuiTypography-alignCenter sector-content css-95p7p-MuiTypography-root\\">test content</p><div class=\\"sector-button MuiBox-root css-zw9846\\"><a class=\\" css-vcbgxq-MuiButton-root\\" component=\\"button\\" focusvisibleclassname=\\"\\" style=\\"padding: 12px 22px; text-decoration: none; font-weight: 500; border-radius: 0; text-transform: none;\\" classes=\\"[object Object]\\" href=\\"/testData\\">Case study</a></div></div></div></div></div></a>"`;
