// Jest Snapshot v1, https://goo.gl/fbAQLP

exports[`WaterCase page shows waterCase page 1`] = `"<div>Loading...</div>"`;
